span ("Heading one", Attrs { color_opt: None, family: SansSerif, stretch: Normal, style: Normal, weight: Weight(700), metadata: 0, cache_key_flags: CacheKeyFlags(0x0), metrics_opt: Some(CacheMetrics { font_size_bits: 1108344832, line_height_bits: 1110704128 }) })
span ("\n\n", Attrs { color_opt: None, family: SansSerif, stretch: Normal, style: Normal, weight: Weight(400), metadata: 0, cache_key_flags: CacheKeyFlags(0x0), metrics_opt: Some(CacheMetrics { font_size_bits: 1102315520, line_height_bits: 1107558400 }) })
span ("Heading two", Attrs { color_opt: None, family: SansSerif, stretch: Normal, style: Normal, weight: Weight(700), metadata: 0, cache_key_flags: CacheKeyFlags(0x0), metrics_opt: Some(CacheMetrics { font_size_bits: 1106247680, line_height_bits: 1109131264 }) })
span ("\n\n", Attrs { color_opt: None, family: SansSerif, stretch: Normal, style: Normal, weight: Weight(400), metadata: 0, cache_key_flags: CacheKeyFlags(0x0), metrics_opt: Some(CacheMetrics { font_size_bits: 1102315520, line_height_bits: 1107558400 }) })
span ("Heading three", Attrs { color_opt: None, family: SansSerif, stretch: Normal, style: Normal, weight: Weight(700), metadata: 0, cache_key_flags: CacheKeyFlags(0x0), metrics_opt: Some(CacheMetrics { font_size_bits: 1103888384, line_height_bits: 1107951616 }) })
span ("\n\n", Attrs { color_opt: None, family: SansSerif, stretch: Normal, style: Normal, weight: Weight(400), metadata: 0, cache_key_flags: CacheKeyFlags(0x0), metrics_opt: Some(CacheMetrics { font_size_bits: 1102315520, line_height_bits: 1107558400 }) })
span ("Heading four", Attrs { color_opt: None, family: SansSerif, stretch: Normal, style: Normal, weight: Weight(700), metadata: 0, cache_key_flags: CacheKeyFlags(0x0), metrics_opt: Some(CacheMetrics { font_size_bits: 1102315520, line_height_bits: 1107558400 }) })
span ("\n\n", Attrs { color_opt: None, family: SansSerif, stretch: Normal, style: Normal, weight: Weight(400), metadata: 0, cache_key_flags: CacheKeyFlags(0x0), metrics_opt: Some(CacheMetrics { font_size_bits: 1102315520, line_height_bits: 1107558400 }) })
span ("Plain ", Attrs { color_opt: None, family: SansSerif, stretch: Normal, style: Normal, weight: Weight(400), metadata: 0, cache_key_flags: CacheKeyFlags(0x0), metrics_opt: Some(CacheMetrics { font_size_bits: 1102315520, line_height_bits: 1107558400 }) })
span ("emphasis", Attrs { color_opt: None, family: SansSerif, stretch: Normal, style: Italic, weight: Weight(400), metadata: 0, cache_key_flags: CacheKeyFlags(0x0), metrics_opt: Some(CacheMetrics { font_size_bits: 1102315520, line_height_bits: 1107558400 }) })
span (", ", Attrs { color_opt: None, family: SansSerif, stretch: Normal, style: Normal, weight: Weight(400), metadata: 0, cache_key_flags: CacheKeyFlags(0x0), metrics_opt: Some(CacheMetrics { font_size_bits: 1102315520, line_height_bits: 1107558400 }) })
span ("strong", Attrs { color_opt: None, family: SansSerif, stretch: Normal, style: Normal, weight: Weight(700), metadata: 0, cache_key_flags: CacheKeyFlags(0x0), metrics_opt: Some(CacheMetrics { font_size_bits: 1102315520, line_height_bits: 1107558400 }) })
span (", ", Attrs { color_opt: None, family: SansSerif, stretch: Normal, style: Normal, weight: Weight(400), metadata: 0, cache_key_flags: CacheKeyFlags(0x0), metrics_opt: Some(CacheMetrics { font_size_bits: 1102315520, line_height_bits: 1107558400 }) })
span ("struck", Attrs { color_opt: None, family: SansSerif, stretch: Normal, style: Normal, weight: Weight(400), metadata: 2, cache_key_flags: CacheKeyFlags(0x0), metrics_opt: Some(CacheMetrics { font_size_bits: 1102315520, line_height_bits: 1107558400 }) })
span (", ", Attrs { color_opt: None, family: SansSerif, stretch: Normal, style: Normal, weight: Weight(400), metadata: 0, cache_key_flags: CacheKeyFlags(0x0), metrics_opt: Some(CacheMetrics { font_size_bits: 1102315520, line_height_bits: 1107558400 }) })
span ("inline code", Attrs { color_opt: Some(Color(4291611852)), family: Monospace, stretch: Normal, style: Normal, weight: Weight(400), metadata: 1, cache_key_flags: CacheKeyFlags(0x0), metrics_opt: Some(CacheMetrics { font_size_bits: 1100546048, line_height_bits: 1103219916 }) })
span (", ", Attrs { color_opt: None, family: SansSerif, stretch: Normal, style: Normal, weight: Weight(400), metadata: 0, cache_key_flags: CacheKeyFlags(0x0), metrics_opt: Some(CacheMetrics { font_size_bits: 1102315520, line_height_bits: 1107558400 }) })
span ("html", Attrs { color_opt: None, family: SansSerif, stretch: Normal, style: Normal, weight: Weight(400), metadata: 0, cache_key_flags: CacheKeyFlags(0x0), metrics_opt: Some(CacheMetrics { font_size_bits: 1102315520, line_height_bits: 1107558400 }) })
span (" and a ", Attrs { color_opt: None, family: SansSerif, stretch: Normal, style: Normal, weight: Weight(400), metadata: 0, cache_key_flags: CacheKeyFlags(0x0), metrics_opt: Some(CacheMetrics { font_size_bits: 1102315520, line_height_bits: 1107558400 }) })
span ("link ", Attrs { color_opt: Some(Color(4282093290)), family: SansSerif, stretch: Normal, style: Normal, weight: Weight(400), metadata: 0, cache_key_flags: CacheKeyFlags(0x0), metrics_opt: Some(CacheMetrics { font_size_bits: 1102315520, line_height_bits: 1107558400 }) })
span ("w", Attrs { color_opt: Some(Color(4282093290)), family: SansSerif, stretch: Normal, style: Normal, weight: Weight(400), metadata: 0, cache_key_flags: CacheKeyFlags(0x0), metrics_opt: Some(CacheMetrics { font_size_bits: 1102315520, line_height_bits: 1107558400 }) })
span ("ith ", Attrs { color_opt: Some(Color(4282093290)), family: SansSerif, stretch: Normal, style: Normal, weight: Weight(400), metadata: 0, cache_key_flags: CacheKeyFlags(0x0), metrics_opt: Some(CacheMetrics { font_size_bits: 1102315520, line_height_bits: 1107558400 }) })
span ("style", Attrs { color_opt: Some(Color(4282093290)), family: SansSerif, stretch: Normal, style: Italic, weight: Weight(400), metadata: 0, cache_key_flags: CacheKeyFlags(0x0), metrics_opt: Some(CacheMetrics { font_size_bits: 1102315520, line_height_bits: 1107558400 }) })
span (".", Attrs { color_opt: None, family: SansSerif, stretch: Normal, style: Normal, weight: Weight(400), metadata: 0, cache_key_flags: CacheKeyFlags(0x0), metrics_opt: Some(CacheMetrics { font_size_bits: 1102315520, line_height_bits: 1107558400 }) })
span (" ", Attrs { color_opt: None, family: SansSerif, stretch: Normal, style: Normal, weight: Weight(400), metadata: 0, cache_key_flags: CacheKeyFlags(0x0), metrics_opt: Some(CacheMetrics { font_size_bits: 1102315520, line_height_bits: 1107558400 }) })
span ("Soft break here", Attrs { color_opt: None, family: SansSerif, stretch: Normal, style: Normal, weight: Weight(400), metadata: 0, cache_key_flags: CacheKeyFlags(0x0), metrics_opt: Some(CacheMetrics { font_size_bits: 1102315520, line_height_bits: 1107558400 }) })
span (" ", Attrs { color_opt: None, family: SansSerif, stretch: Normal, style: Normal, weight: Weight(400), metadata: 0, cache_key_flags: CacheKeyFlags(0x0), metrics_opt: Some(CacheMetrics { font_size_bits: 1102315520, line_height_bits: 1107558400 }) })
span ("and a hard break here", Attrs { color_opt: None, family: SansSerif, stretch: Normal, style: Normal, weight: Weight(400), metadata: 0, cache_key_flags: CacheKeyFlags(0x0), metrics_opt: Some(CacheMetrics { font_size_bits: 1102315520, line_height_bits: 1107558400 }) })
span ("\n", Attrs { color_opt: None, family: SansSerif, stretch: Normal, style: Normal, weight: Weight(400), metadata: 0, cache_key_flags: CacheKeyFlags(0x0), metrics_opt: Some(CacheMetrics { font_size_bits: 1102315520, line_height_bits: 1107558400 }) })
span ("after a backslash. A footnote", Attrs { color_opt: None, family: SansSerif, stretch: Normal, style: Normal, weight: Weight(400), metadata: 0, cache_key_flags: CacheKeyFlags(0x0), metrics_opt: Some(CacheMetrics { font_size_bits: 1102315520, line_height_bits: 1107558400 }) })
span (".", Attrs { color_opt: None, family: SansSerif, stretch: Normal, style: Normal, weight: Weight(400), metadata: 0, cache_key_flags: CacheKeyFlags(0x0), metrics_opt: Some(CacheMetrics { font_size_bits: 1102315520, line_height_bits: 1107558400 }) })
span ("\n\n", Attrs { color_opt: None, family: SansSerif, stretch: Normal, style: Normal, weight: Weight(400), metadata: 0, cache_key_flags: CacheKeyFlags(0x0), metrics_opt: Some(CacheMetrics { font_size_bits: 1102315520, line_height_bits: 1107558400 }) })
span ("│ ", Attrs { color_opt: Some(Color(4284900966)), family: SansSerif, stretch: Normal, style: Italic, weight: Weight(400), metadata: 0, cache_key_flags: CacheKeyFlags(0x0), metrics_opt: Some(CacheMetrics { font_size_bits: 1102315520, line_height_bits: 1107558400 }) })
span ("Quoted ", Attrs { color_opt: None, family: SansSerif, stretch: Normal, style: Italic, weight: Weight(400), metadata: 0, cache_key_flags: CacheKeyFlags(0x0), metrics_opt: Some(CacheMetrics { font_size_bits: 1102315520, line_height_bits: 1107558400 }) })
span ("line", Attrs { color_opt: None, family: SansSerif, stretch: Normal, style: Italic, weight: Weight(400), metadata: 0, cache_key_flags: CacheKeyFlags(0x0), metrics_opt: Some(CacheMetrics { font_size_bits: 1102315520, line_height_bits: 1107558400 }) })
span (" one", Attrs { color_opt: None, family: SansSerif, stretch: Normal, style: Italic, weight: Weight(400), metadata: 0, cache_key_flags: CacheKeyFlags(0x0), metrics_opt: Some(CacheMetrics { font_size_bits: 1102315520, line_height_bits: 1107558400 }) })
span ("\n\n", Attrs { color_opt: None, family: SansSerif, stretch: Normal, style: Normal, weight: Weight(400), metadata: 0, cache_key_flags: CacheKeyFlags(0x0), metrics_opt: Some(CacheMetrics { font_size_bits: 1102315520, line_height_bits: 1107558400 }) })
span ("│ ", Attrs { color_opt: Some(Color(4284900966)), family: SansSerif, stretch: Normal, style: Italic, weight: Weight(400), metadata: 0, cache_key_flags: CacheKeyFlags(0x0), metrics_opt: Some(CacheMetrics { font_size_bits: 1102315520, line_height_bits: 1107558400 }) })
span ("│ │ ", Attrs { color_opt: Some(Color(4284900966)), family: SansSerif, stretch: Normal, style: Italic, weight: Weight(400), metadata: 0, cache_key_flags: CacheKeyFlags(0x0), metrics_opt: Some(CacheMetrics { font_size_bits: 1102315520, line_height_bits: 1107558400 }) })
span ("Nested quote", Attrs { color_opt: None, family: SansSerif, stretch: Normal, style: Italic, weight: Weight(400), metadata: 0, cache_key_flags: CacheKeyFlags(0x0), metrics_opt: Some(CacheMetrics { font_size_bits: 1102315520, line_height_bits: 1107558400 }) })
span ("\n\n", Attrs { color_opt: None, family: SansSerif, stretch: Normal, style: Normal, weight: Weight(400), metadata: 0, cache_key_flags: CacheKeyFlags(0x0), metrics_opt: Some(CacheMetrics { font_size_bits: 1102315520, line_height_bits: 1107558400 }) })
span ("  • ", Attrs { color_opt: None, family: SansSerif, stretch: Normal, style: Normal, weight: Weight(400), metadata: 0, cache_key_flags: CacheKeyFlags(0x0), metrics_opt: Some(CacheMetrics { font_size_bits: 1102315520, line_height_bits: 1107558400 }) })
span ("bullet one", Attrs { color_opt: None, family: SansSerif, stretch: Normal, style: Normal, weight: Weight(400), metadata: 0, cache_key_flags: CacheKeyFlags(0x0), metrics_opt: Some(CacheMetrics { font_size_bits: 1102315520, line_height_bits: 1107558400 }) })
span ("\n", Attrs { color_opt: None, family: SansSerif, stretch: Normal, style: Normal, weight: Weight(400), metadata: 0, cache_key_flags: CacheKeyFlags(0x0), metrics_opt: Some(CacheMetrics { font_size_bits: 1102315520, line_height_bits: 1107558400 }) })
span ("  • ", Attrs { color_opt: None, family: SansSerif, stretch: Normal, style: Normal, weight: Weight(400), metadata: 0, cache_key_flags: CacheKeyFlags(0x0), metrics_opt: Some(CacheMetrics { font_size_bits: 1102315520, line_height_bits: 1107558400 }) })
span ("bullet two", Attrs { color_opt: None, family: SansSerif, stretch: Normal, style: Normal, weight: Weight(400), metadata: 0, cache_key_flags: CacheKeyFlags(0x0), metrics_opt: Some(CacheMetrics { font_size_bits: 1102315520, line_height_bits: 1107558400 }) })
span ("\n", Attrs { color_opt: None, family: SansSerif, stretch: Normal, style: Normal, weight: Weight(400), metadata: 0, cache_key_flags: CacheKeyFlags(0x0), metrics_opt: Some(CacheMetrics { font_size_bits: 1102315520, line_height_bits: 1107558400 }) })
span ("    1. ", Attrs { color_opt: None, family: SansSerif, stretch: Normal, style: Normal, weight: Weight(400), metadata: 0, cache_key_flags: CacheKeyFlags(0x0), metrics_opt: Some(CacheMetrics { font_size_bits: 1102315520, line_height_bits: 1107558400 }) })
span ("nested ordered", Attrs { color_opt: None, family: SansSerif, stretch: Normal, style: Normal, weight: Weight(400), metadata: 0, cache_key_flags: CacheKeyFlags(0x0), metrics_opt: Some(CacheMetrics { font_size_bits: 1102315520, line_height_bits: 1107558400 }) })
span ("\n", Attrs { color_opt: None, family: SansSerif, stretch: Normal, style: Normal, weight: Weight(400), metadata: 0, cache_key_flags: CacheKeyFlags(0x0), metrics_opt: Some(CacheMetrics { font_size_bits: 1102315520, line_height_bits: 1107558400 }) })
span ("    2. ", Attrs { color_opt: None, family: SansSerif, stretch: Normal, style: Normal, weight: Weight(400), metadata: 0, cache_key_flags: CacheKeyFlags(0x0), metrics_opt: Some(CacheMetrics { font_size_bits: 1102315520, line_height_bits: 1107558400 }) })
span ("nested ordered again", Attrs { color_opt: None, family: SansSerif, stretch: Normal, style: Normal, weight: Weight(400), metadata: 0, cache_key_flags: CacheKeyFlags(0x0), metrics_opt: Some(CacheMetrics { font_size_bits: 1102315520, line_height_bits: 1107558400 }) })
span ("\n", Attrs { color_opt: None, family: SansSerif, stretch: Normal, style: Normal, weight: Weight(400), metadata: 0, cache_key_flags: CacheKeyFlags(0x0), metrics_opt: Some(CacheMetrics { font_size_bits: 1102315520, line_height_bits: 1107558400 }) })
span ("\n", Attrs { color_opt: None, family: SansSerif, stretch: Normal, style: Normal, weight: Weight(400), metadata: 0, cache_key_flags: CacheKeyFlags(0x0), metrics_opt: Some(CacheMetrics { font_size_bits: 1102315520, line_height_bits: 1107558400 }) })
span ("\n", Attrs { color_opt: None, family: SansSerif, stretch: Normal, style: Normal, weight: Weight(400), metadata: 0, cache_key_flags: CacheKeyFlags(0x0), metrics_opt: Some(CacheMetrics { font_size_bits: 1102315520, line_height_bits: 1107558400 }) })
span ("  7. ", Attrs { color_opt: None, family: SansSerif, stretch: Normal, style: Normal, weight: Weight(400), metadata: 0, cache_key_flags: CacheKeyFlags(0x0), metrics_opt: Some(CacheMetrics { font_size_bits: 1102315520, line_height_bits: 1107558400 }) })
span ("seventh", Attrs { color_opt: None, family: SansSerif, stretch: Normal, style: Normal, weight: Weight(400), metadata: 0, cache_key_flags: CacheKeyFlags(0x0), metrics_opt: Some(CacheMetrics { font_size_bits: 1102315520, line_height_bits: 1107558400 }) })
span ("\n", Attrs { color_opt: None, family: SansSerif, stretch: Normal, style: Normal, weight: Weight(400), metadata: 0, cache_key_flags: CacheKeyFlags(0x0), metrics_opt: Some(CacheMetrics { font_size_bits: 1102315520, line_height_bits: 1107558400 }) })
span ("  8. ", Attrs { color_opt: None, family: SansSerif, stretch: Normal, style: Normal, weight: Weight(400), metadata: 0, cache_key_flags: CacheKeyFlags(0x0), metrics_opt: Some(CacheMetrics { font_size_bits: 1102315520, line_height_bits: 1107558400 }) })
span ("eighth", Attrs { color_opt: None, family: SansSerif, stretch: Normal, style: Normal, weight: Weight(400), metadata: 0, cache_key_flags: CacheKeyFlags(0x0), metrics_opt: Some(CacheMetrics { font_size_bits: 1102315520, line_height_bits: 1107558400 }) })
span ("\n", Attrs { color_opt: None, family: SansSerif, stretch: Normal, style: Normal, weight: Weight(400), metadata: 0, cache_key_flags: CacheKeyFlags(0x0), metrics_opt: Some(CacheMetrics { font_size_bits: 1102315520, line_height_bits: 1107558400 }) })
span ("\n", Attrs { color_opt: None, family: SansSerif, stretch: Normal, style: Normal, weight: Weight(400), metadata: 0, cache_key_flags: CacheKeyFlags(0x0), metrics_opt: Some(CacheMetrics { font_size_bits: 1102315520, line_height_bits: 1107558400 }) })
span ("  ☐ ", Attrs { color_opt: None, family: SansSerif, stretch: Normal, style: Normal, weight: Weight(400), metadata: 0, cache_key_flags: CacheKeyFlags(0x0), metrics_opt: Some(CacheMetrics { font_size_bits: 1102315520, line_height_bits: 1107558400 }) })
span ("open task", Attrs { color_opt: None, family: SansSerif, stretch: Normal, style: Normal, weight: Weight(400), metadata: 0, cache_key_flags: CacheKeyFlags(0x0), metrics_opt: Some(CacheMetrics { font_size_bits: 1102315520, line_height_bits: 1107558400 }) })
span ("\n", Attrs { color_opt: None, family: SansSerif, stretch: Normal, style: Normal, weight: Weight(400), metadata: 0, cache_key_flags: CacheKeyFlags(0x0), metrics_opt: Some(CacheMetrics { font_size_bits: 1102315520, line_height_bits: 1107558400 }) })
span ("  ☑ ", Attrs { color_opt: None, family: SansSerif, stretch: Normal, style: Normal, weight: Weight(400), metadata: 0, cache_key_flags: CacheKeyFlags(0x0), metrics_opt: Some(CacheMetrics { font_size_bits: 1102315520, line_height_bits: 1107558400 }) })
span ("done task", Attrs { color_opt: None, family: SansSerif, stretch: Normal, style: Normal, weight: Weight(400), metadata: 0, cache_key_flags: CacheKeyFlags(0x0), metrics_opt: Some(CacheMetrics { font_size_bits: 1102315520, line_height_bits: 1107558400 }) })
span ("\n", Attrs { color_opt: None, family: SansSerif, stretch: Normal, style: Normal, weight: Weight(400), metadata: 0, cache_key_flags: CacheKeyFlags(0x0), metrics_opt: Some(CacheMetrics { font_size_bits: 1102315520, line_height_bits: 1107558400 }) })
span ("\n", Attrs { color_opt: None, family: SansSerif, stretch: Normal, style: Normal, weight: Weight(400), metadata: 0, cache_key_flags: CacheKeyFlags(0x0), metrics_opt: Some(CacheMetrics { font_size_bits: 1102315520, line_height_bits: 1107558400 }) })
span ("\n", Attrs { color_opt: None, family: SansSerif, stretch: Normal, style: Normal, weight: Weight(400), metadata: 0, cache_key_flags: CacheKeyFlags(0x0), metrics_opt: Some(CacheMetrics { font_size_bits: 1102315520, line_height_bits: 1107558400 }) })
span ("────────────────────────────────────────────────────────────", Attrs { color_opt: None, family: SansSerif, stretch: Normal, style: Normal, weight: Weight(400), metadata: 0, cache_key_flags: CacheKeyFlags(0x0), metrics_opt: Some(CacheMetrics { font_size_bits: 1102315520, line_height_bits: 1107558400 }) })
span ("\n\n", Attrs { color_opt: None, family: SansSerif, stretch: Normal, style: Normal, weight: Weight(400), metadata: 0, cache_key_flags: CacheKeyFlags(0x0), metrics_opt: Some(CacheMetrics { font_size_bits: 1102315520, line_height_bits: 1107558400 }) })
span ("\n", Attrs { color_opt: None, family: SansSerif, stretch: Normal, style: Normal, weight: Weight(400), metadata: 0, cache_key_flags: CacheKeyFlags(0x0), metrics_opt: Some(CacheMetrics { font_size_bits: 1102315520, line_height_bits: 1107558400 }) })
span ("\n", Attrs { color_opt: None, family: SansSerif, stretch: Normal, style: Normal, weight: Weight(400), metadata: 0, cache_key_flags: CacheKeyFlags(0x0), metrics_opt: Some(CacheMetrics { font_size_bits: 1041865114, line_height_bits: 1097859072 }) })
span (" ", Attrs { color_opt: Some(Color(4291611852)), family: Monospace, stretch: Normal, style: Normal, weight: Weight(400), metadata: 65541, cache_key_flags: CacheKeyFlags(0x0), metrics_opt: Some(CacheMetrics { font_size_bits: 1100546048, line_height_bits: 1103219916 }) })
span ("x", Attrs { color_opt: Some(Color(4291611852)), family: Monospace, stretch: Normal, style: Normal, weight: Weight(400), metadata: 65541, cache_key_flags: CacheKeyFlags(0x0), metrics_opt: Some(CacheMetrics { font_size_bits: 1100546048, line_height_bits: 1103219916 }) })
span (" ", Attrs { color_opt: Some(Color(4291611852)), family: Monospace, stretch: Normal, style: Normal, weight: Weight(400), metadata: 65541, cache_key_flags: CacheKeyFlags(0x0), metrics_opt: Some(CacheMetrics { font_size_bits: 1100546048, line_height_bits: 1103219916 }) })
span ("=", Attrs { color_opt: Some(Color(4291611852)), family: Monospace, stretch: Normal, style: Normal, weight: Weight(400), metadata: 65541, cache_key_flags: CacheKeyFlags(0x0), metrics_opt: Some(CacheMetrics { font_size_bits: 1100546048, line_height_bits: 1103219916 }) })
span (" ", Attrs { color_opt: Some(Color(4291611852)), family: Monospace, stretch: Normal, style: Normal, weight: Weight(400), metadata: 65541, cache_key_flags: CacheKeyFlags(0x0), metrics_opt: Some(CacheMetrics { font_size_bits: 1100546048, line_height_bits: 1103219916 }) })
span ("1", Attrs { color_opt: Some(Color(4290105000)), family: Monospace, stretch: Normal, style: Normal, weight: Weight(400), metadata: 65541, cache_key_flags: CacheKeyFlags(0x0), metrics_opt: Some(CacheMetrics { font_size_bits: 1100546048, line_height_bits: 1103219916 }) })
span ("  ", Attrs { color_opt: Some(Color(4291611852)), family: Monospace, stretch: Normal, style: Normal, weight: Weight(400), metadata: 65541, cache_key_flags: CacheKeyFlags(0x0), metrics_opt: Some(CacheMetrics { font_size_bits: 1100546048, line_height_bits: 1103219916 }) })
span ("# cached fence", Attrs { color_opt: Some(Color(4285176149)), family: Monospace, stretch: Normal, style: Normal, weight: Weight(400), metadata: 65541, cache_key_flags: CacheKeyFlags(0x0), metrics_opt: Some(CacheMetrics { font_size_bits: 1100546048, line_height_bits: 1103219916 }) })
span ("\n", Attrs { color_opt: Some(Color(4291611852)), family: Monospace, stretch: Normal, style: Normal, weight: Weight(400), metadata: 65541, cache_key_flags: CacheKeyFlags(0x0), metrics_opt: Some(CacheMetrics { font_size_bits: 1100546048, line_height_bits: 1103219916 }) })
span ("\n", Attrs { color_opt: None, family: SansSerif, stretch: Normal, style: Normal, weight: Weight(400), metadata: 0, cache_key_flags: CacheKeyFlags(0x0), metrics_opt: Some(CacheMetrics { font_size_bits: 1041865114, line_height_bits: 1097859072 }) })
span ("\n", Attrs { color_opt: None, family: SansSerif, stretch: Normal, style: Normal, weight: Weight(400), metadata: 0, cache_key_flags: CacheKeyFlags(0x0), metrics_opt: Some(CacheMetrics { font_size_bits: 1102315520, line_height_bits: 1107558400 }) })
span ("\n", Attrs { color_opt: None, family: SansSerif, stretch: Normal, style: Normal, weight: Weight(400), metadata: 0, cache_key_flags: CacheKeyFlags(0x0), metrics_opt: Some(CacheMetrics { font_size_bits: 1102315520, line_height_bits: 1107558400 }) })
span ("\n", Attrs { color_opt: None, family: SansSerif, stretch: Normal, style: Normal, weight: Weight(400), metadata: 0, cache_key_flags: CacheKeyFlags(0x0), metrics_opt: Some(CacheMetrics { font_size_bits: 1041865114, line_height_bits: 1097859072 }) })
span (" ", Attrs { color_opt: Some(Color(4291611852)), family: Monospace, stretch: Normal, style: Normal, weight: Weight(400), metadata: 131077, cache_key_flags: CacheKeyFlags(0x0), metrics_opt: Some(CacheMetrics { font_size_bits: 1100546048, line_height_bits: 1103219916 }) })
span ("y", Attrs { color_opt: Some(Color(4291611852)), family: Monospace, stretch: Normal, style: Normal, weight: Weight(400), metadata: 131077, cache_key_flags: CacheKeyFlags(0x0), metrics_opt: Some(CacheMetrics { font_size_bits: 1100546048, line_height_bits: 1103219916 }) })
span (" ", Attrs { color_opt: Some(Color(4291611852)), family: Monospace, stretch: Normal, style: Normal, weight: Weight(400), metadata: 131077, cache_key_flags: CacheKeyFlags(0x0), metrics_opt: Some(CacheMetrics { font_size_bits: 1100546048, line_height_bits: 1103219916 }) })
span ("=", Attrs { color_opt: Some(Color(4291611852)), family: Monospace, stretch: Normal, style: Normal, weight: Weight(400), metadata: 131077, cache_key_flags: CacheKeyFlags(0x0), metrics_opt: Some(CacheMetrics { font_size_bits: 1100546048, line_height_bits: 1103219916 }) })
span (" ", Attrs { color_opt: Some(Color(4291611852)), family: Monospace, stretch: Normal, style: Normal, weight: Weight(400), metadata: 131077, cache_key_flags: CacheKeyFlags(0x0), metrics_opt: Some(CacheMetrics { font_size_bits: 1100546048, line_height_bits: 1103219916 }) })
span ("2", Attrs { color_opt: Some(Color(4290105000)), family: Monospace, stretch: Normal, style: Normal, weight: Weight(400), metadata: 131077, cache_key_flags: CacheKeyFlags(0x0), metrics_opt: Some(CacheMetrics { font_size_bits: 1100546048, line_height_bits: 1103219916 }) })
span ("  ", Attrs { color_opt: Some(Color(4291611852)), family: Monospace, stretch: Normal, style: Normal, weight: Weight(400), metadata: 131077, cache_key_flags: CacheKeyFlags(0x0), metrics_opt: Some(CacheMetrics { font_size_bits: 1100546048, line_height_bits: 1103219916 }) })
span ("# uncached fence", Attrs { color_opt: Some(Color(4285176149)), family: Monospace, stretch: Normal, style: Normal, weight: Weight(400), metadata: 131077, cache_key_flags: CacheKeyFlags(0x0), metrics_opt: Some(CacheMetrics { font_size_bits: 1100546048, line_height_bits: 1103219916 }) })
span ("\n", Attrs { color_opt: Some(Color(4291611852)), family: Monospace, stretch: Normal, style: Normal, weight: Weight(400), metadata: 131077, cache_key_flags: CacheKeyFlags(0x0), metrics_opt: Some(CacheMetrics { font_size_bits: 1100546048, line_height_bits: 1103219916 }) })
span ("\n", Attrs { color_opt: None, family: SansSerif, stretch: Normal, style: Normal, weight: Weight(400), metadata: 0, cache_key_flags: CacheKeyFlags(0x0), metrics_opt: Some(CacheMetrics { font_size_bits: 1041865114, line_height_bits: 1097859072 }) })
span ("\n", Attrs { color_opt: None, family: SansSerif, stretch: Normal, style: Normal, weight: Weight(400), metadata: 0, cache_key_flags: CacheKeyFlags(0x0), metrics_opt: Some(CacheMetrics { font_size_bits: 1102315520, line_height_bits: 1107558400 }) })
span ("\n", Attrs { color_opt: None, family: SansSerif, stretch: Normal, style: Normal, weight: Weight(400), metadata: 0, cache_key_flags: CacheKeyFlags(0x0), metrics_opt: Some(CacheMetrics { font_size_bits: 1102315520, line_height_bits: 1107558400 }) })
span ("\n", Attrs { color_opt: None, family: SansSerif, stretch: Normal, style: Normal, weight: Weight(400), metadata: 0, cache_key_flags: CacheKeyFlags(0x0), metrics_opt: Some(CacheMetrics { font_size_bits: 1041865114, line_height_bits: 1097859072 }) })
span (" ", Attrs { color_opt: Some(Color(4291611852)), family: Monospace, stretch: Normal, style: Normal, weight: Weight(400), metadata: 196613, cache_key_flags: CacheKeyFlags(0x0), metrics_opt: Some(CacheMetrics { font_size_bits: 1100546048, line_height_bits: 1103219916 }) })
span ("fn", Attrs { color_opt: Some(Color(4283866326)), family: Monospace, stretch: Normal, style: Normal, weight: Weight(400), metadata: 196613, cache_key_flags: CacheKeyFlags(0x0), metrics_opt: Some(CacheMetrics { font_size_bits: 1100546048, line_height_bits: 1103219916 }) })
span (" ", Attrs { color_opt: Some(Color(4291611852)), family: Monospace, stretch: Normal, style: Normal, weight: Weight(400), metadata: 196613, cache_key_flags: CacheKeyFlags(0x0), metrics_opt: Some(CacheMetrics { font_size_bits: 1100546048, line_height_bits: 1103219916 }) })
span ("main", Attrs { color_opt: Some(Color(4292664490)), family: Monospace, stretch: Normal, style: Normal, weight: Weight(400), metadata: 196613, cache_key_flags: CacheKeyFlags(0x0), metrics_opt: Some(CacheMetrics { font_size_bits: 1100546048, line_height_bits: 1103219916 }) })
span ("(", Attrs { color_opt: Some(Color(4291611852)), family: Monospace, stretch: Normal, style: Normal, weight: Weight(400), metadata: 196613, cache_key_flags: CacheKeyFlags(0x0), metrics_opt: Some(CacheMetrics { font_size_bits: 1100546048, line_height_bits: 1103219916 }) })
span (")", Attrs { color_opt: Some(Color(4291611852)), family: Monospace, stretch: Normal, style: Normal, weight: Weight(400), metadata: 196613, cache_key_flags: CacheKeyFlags(0x0), metrics_opt: Some(CacheMetrics { font_size_bits: 1100546048, line_height_bits: 1103219916 }) })
span (" ", Attrs { color_opt: Some(Color(4291611852)), family: Monospace, stretch: Normal, style: Normal, weight: Weight(400), metadata: 196613, cache_key_flags: CacheKeyFlags(0x0), metrics_opt: Some(CacheMetrics { font_size_bits: 1100546048, line_height_bits: 1103219916 }) })
span ("{", Attrs { color_opt: Some(Color(4291611852)), family: Monospace, stretch: Normal, style: Normal, weight: Weight(400), metadata: 196613, cache_key_flags: CacheKeyFlags(0x0), metrics_opt: Some(CacheMetrics { font_size_bits: 1100546048, line_height_bits: 1103219916 }) })
span ("}", Attrs { color_opt: Some(Color(4291611852)), family: Monospace, stretch: Normal, style: Normal, weight: Weight(400), metadata: 196613, cache_key_flags: CacheKeyFlags(0x0), metrics_opt: Some(CacheMetrics { font_size_bits: 1100546048, line_height_bits: 1103219916 }) })
span ("\n", Attrs { color_opt: Some(Color(4291611852)), family: Monospace, stretch: Normal, style: Normal, weight: Weight(400), metadata: 196613, cache_key_flags: CacheKeyFlags(0x0), metrics_opt: Some(CacheMetrics { font_size_bits: 1100546048, line_height_bits: 1103219916 }) })
span ("\n", Attrs { color_opt: None, family: SansSerif, stretch: Normal, style: Normal, weight: Weight(400), metadata: 0, cache_key_flags: CacheKeyFlags(0x0), metrics_opt: Some(CacheMetrics { font_size_bits: 1041865114, line_height_bits: 1097859072 }) })
span ("\n", Attrs { color_opt: None, family: SansSerif, stretch: Normal, style: Normal, weight: Weight(400), metadata: 0, cache_key_flags: CacheKeyFlags(0x0), metrics_opt: Some(CacheMetrics { font_size_bits: 1102315520, line_height_bits: 1107558400 }) })
span ("\n", Attrs { color_opt: None, family: SansSerif, stretch: Normal, style: Normal, weight: Weight(400), metadata: 0, cache_key_flags: CacheKeyFlags(0x0), metrics_opt: Some(CacheMetrics { font_size_bits: 1102315520, line_height_bits: 1107558400 }) })
span ("\n", Attrs { color_opt: None, family: SansSerif, stretch: Normal, style: Normal, weight: Weight(400), metadata: 0, cache_key_flags: CacheKeyFlags(0x0), metrics_opt: Some(CacheMetrics { font_size_bits: 1041865114, line_height_bits: 1097859072 }) })
span (" plain fence\n", Attrs { color_opt: Some(Color(4291611852)), family: Monospace, stretch: Normal, style: Normal, weight: Weight(400), metadata: 262149, cache_key_flags: CacheKeyFlags(0x0), metrics_opt: Some(CacheMetrics { font_size_bits: 1100546048, line_height_bits: 1103219916 }) })
span ("\n", Attrs { color_opt: None, family: SansSerif, stretch: Normal, style: Normal, weight: Weight(400), metadata: 0, cache_key_flags: CacheKeyFlags(0x0), metrics_opt: Some(CacheMetrics { font_size_bits: 1041865114, line_height_bits: 1097859072 }) })
span ("\n", Attrs { color_opt: None, family: SansSerif, stretch: Normal, style: Normal, weight: Weight(400), metadata: 0, cache_key_flags: CacheKeyFlags(0x0), metrics_opt: Some(CacheMetrics { font_size_bits: 1102315520, line_height_bits: 1107558400 }) })
span ("\n", Attrs { color_opt: None, family: SansSerif, stretch: Normal, style: Normal, weight: Weight(400), metadata: 0, cache_key_flags: CacheKeyFlags(0x0), metrics_opt: Some(CacheMetrics { font_size_bits: 1102315520, line_height_bits: 1107558400 }) })
span ("￼", Attrs { color_opt: Some(Color(0)), family: SansSerif, stretch: Normal, style: Normal, weight: Weight(400), metadata: 0, cache_key_flags: CacheKeyFlags(0x0), metrics_opt: Some(CacheMetrics { font_size_bits: 1102315520, line_height_bits: 1126714573 }) })
span ("\n\n", Attrs { color_opt: None, family: SansSerif, stretch: Normal, style: Normal, weight: Weight(400), metadata: 0, cache_key_flags: CacheKeyFlags(0x0), metrics_opt: Some(CacheMetrics { font_size_bits: 1102315520, line_height_bits: 1107558400 }) })
span ("Inline ", Attrs { color_opt: None, family: SansSerif, stretch: Normal, style: Normal, weight: Weight(400), metadata: 0, cache_key_flags: CacheKeyFlags(0x0), metrics_opt: Some(CacheMetrics { font_size_bits: 1102315520, line_height_bits: 1107558400 }) })
span ("￼\u{2003}\u{2003}", Attrs { color_opt: Some(Color(0)), family: SansSerif, stretch: Normal, style: Normal, weight: Weight(400), metadata: 0, cache_key_flags: CacheKeyFlags(0x0), metrics_opt: Some(CacheMetrics { font_size_bits: 1102315520, line_height_bits: 1107558400 }) })
span (" cached and ", Attrs { color_opt: None, family: SansSerif, stretch: Normal, style: Normal, weight: Weight(400), metadata: 0, cache_key_flags: CacheKeyFlags(0x0), metrics_opt: Some(CacheMetrics { font_size_bits: 1102315520, line_height_bits: 1107558400 }) })
span ("￼\u{2003}\u{2003}", Attrs { color_opt: Some(Color(0)), family: SansSerif, stretch: Normal, style: Normal, weight: Weight(400), metadata: 0, cache_key_flags: CacheKeyFlags(0x0), metrics_opt: Some(CacheMetrics { font_size_bits: 1102315520, line_height_bits: 1107558400 }) })
span (" uncached.", Attrs { color_opt: None, family: SansSerif, stretch: Normal, style: Normal, weight: Weight(400), metadata: 0, cache_key_flags: CacheKeyFlags(0x0), metrics_opt: Some(CacheMetrics { font_size_bits: 1102315520, line_height_bits: 1107558400 }) })
span ("\n\n", Attrs { color_opt: None, family: SansSerif, stretch: Normal, style: Normal, weight: Weight(400), metadata: 0, cache_key_flags: CacheKeyFlags(0x0), metrics_opt: Some(CacheMetrics { font_size_bits: 1102315520, line_height_bits: 1107558400 }) })
span ("\n", Attrs { color_opt: None, family: SansSerif, stretch: Normal, style: Normal, weight: Weight(400), metadata: 0, cache_key_flags: CacheKeyFlags(0x0), metrics_opt: Some(CacheMetrics { font_size_bits: 1102315520, line_height_bits: 1107558400 }) })
span ("￼", Attrs { color_opt: Some(Color(0)), family: SansSerif, stretch: Normal, style: Normal, weight: Weight(400), metadata: 0, cache_key_flags: CacheKeyFlags(0x0), metrics_opt: Some(CacheMetrics { font_size_bits: 1102315520, line_height_bits: 1110704128 }) })
span ("\n\n", Attrs { color_opt: None, family: SansSerif, stretch: Normal, style: Normal, weight: Weight(400), metadata: 0, cache_key_flags: CacheKeyFlags(0x0), metrics_opt: Some(CacheMetrics { font_size_bits: 1102315520, line_height_bits: 1107558400 }) })
span ("\n\n", Attrs { color_opt: None, family: SansSerif, stretch: Normal, style: Normal, weight: Weight(400), metadata: 0, cache_key_flags: CacheKeyFlags(0x0), metrics_opt: Some(CacheMetrics { font_size_bits: 1102315520, line_height_bits: 1107558400 }) })
span ("\n", Attrs { color_opt: None, family: SansSerif, stretch: Normal, style: Normal, weight: Weight(400), metadata: 0, cache_key_flags: CacheKeyFlags(0x0), metrics_opt: Some(CacheMetrics { font_size_bits: 1102315520, line_height_bits: 1107558400 }) })
span ("￼", Attrs { color_opt: Some(Color(0)), family: SansSerif, stretch: Normal, style: Normal, weight: Weight(400), metadata: 0, cache_key_flags: CacheKeyFlags(0x0), metrics_opt: Some(CacheMetrics { font_size_bits: 1102315520, line_height_bits: 1123024896 }) })
span ("\n\n", Attrs { color_opt: None, family: SansSerif, stretch: Normal, style: Normal, weight: Weight(400), metadata: 0, cache_key_flags: CacheKeyFlags(0x0), metrics_opt: Some(CacheMetrics { font_size_bits: 1102315520, line_height_bits: 1107558400 }) })
span ("\n\n", Attrs { color_opt: None, family: SansSerif, stretch: Normal, style: Normal, weight: Weight(400), metadata: 0, cache_key_flags: CacheKeyFlags(0x0), metrics_opt: Some(CacheMetrics { font_size_bits: 1102315520, line_height_bits: 1107558400 }) })
span ("\n", Attrs { color_opt: None, family: SansSerif, stretch: Normal, style: Normal, weight: Weight(400), metadata: 0, cache_key_flags: CacheKeyFlags(0x0), metrics_opt: Some(CacheMetrics { font_size_bits: 1102315520, line_height_bits: 1107558400 }) })
span ("￼", Attrs { color_opt: Some(Color(0)), family: SansSerif, stretch: Normal, style: Normal, weight: Weight(400), metadata: 0, cache_key_flags: CacheKeyFlags(0x0), metrics_opt: Some(CacheMetrics { font_size_bits: 1102315520, line_height_bits: 1123024896 }) })
span ("\n\n", Attrs { color_opt: None, family: SansSerif, stretch: Normal, style: Normal, weight: Weight(400), metadata: 0, cache_key_flags: CacheKeyFlags(0x0), metrics_opt: Some(CacheMetrics { font_size_bits: 1102315520, line_height_bits: 1107558400 }) })
span ("\n\n", Attrs { color_opt: None, family: SansSerif, stretch: Normal, style: Normal, weight: Weight(400), metadata: 0, cache_key_flags: CacheKeyFlags(0x0), metrics_opt: Some(CacheMetrics { font_size_bits: 1102315520, line_height_bits: 1107558400 }) })
span ("\n", Attrs { color_opt: None, family: SansSerif, stretch: Normal, style: Normal, weight: Weight(400), metadata: 0, cache_key_flags: CacheKeyFlags(0x0), metrics_opt: Some(CacheMetrics { font_size_bits: 1102315520, line_height_bits: 1107558400 }) })
span ("￼", Attrs { color_opt: Some(Color(0)), family: SansSerif, stretch: Normal, style: Normal, weight: Weight(400), metadata: 0, cache_key_flags: CacheKeyFlags(0x0), metrics_opt: Some(CacheMetrics { font_size_bits: 1102315520, line_height_bits: 1133903872 }) })
span ("\n\n", Attrs { color_opt: None, family: SansSerif, stretch: Normal, style: Normal, weight: Weight(400), metadata: 0, cache_key_flags: CacheKeyFlags(0x0), metrics_opt: Some(CacheMetrics { font_size_bits: 1102315520, line_height_bits: 1107558400 }) })
span ("\n\n", Attrs { color_opt: None, family: SansSerif, stretch: Normal, style: Normal, weight: Weight(400), metadata: 0, cache_key_flags: CacheKeyFlags(0x0), metrics_opt: Some(CacheMetrics { font_size_bits: 1102315520, line_height_bits: 1107558400 }) })
span ("\n", Attrs { color_opt: None, family: SansSerif, stretch: Normal, style: Normal, weight: Weight(400), metadata: 0, cache_key_flags: CacheKeyFlags(0x0), metrics_opt: Some(CacheMetrics { font_size_bits: 1102315520, line_height_bits: 1107558400 }) })
span ("⟦image: failed figure⟧", Attrs { color_opt: Some(Color(4284900966)), family: SansSerif, stretch: Normal, style: Normal, weight: Weight(400), metadata: 0, cache_key_flags: CacheKeyFlags(0x0), metrics_opt: Some(CacheMetrics { font_size_bits: 1102315520, line_height_bits: 1107558400 }) })
span ("\n", Attrs { color_opt: None, family: SansSerif, stretch: Normal, style: Normal, weight: Weight(400), metadata: 0, cache_key_flags: CacheKeyFlags(0x0), metrics_opt: Some(CacheMetrics { font_size_bits: 1102315520, line_height_bits: 1107558400 }) })
span ("\n\n", Attrs { color_opt: None, family: SansSerif, stretch: Normal, style: Normal, weight: Weight(400), metadata: 0, cache_key_flags: CacheKeyFlags(0x0), metrics_opt: Some(CacheMetrics { font_size_bits: 1102315520, line_height_bits: 1107558400 }) })
span ("\n", Attrs { color_opt: None, family: SansSerif, stretch: Normal, style: Normal, weight: Weight(400), metadata: 0, cache_key_flags: CacheKeyFlags(0x0), metrics_opt: Some(CacheMetrics { font_size_bits: 1102315520, line_height_bits: 1107558400 }) })
span ("⟦image: remote badge⟧", Attrs { color_opt: Some(Color(4284900966)), family: SansSerif, stretch: Normal, style: Normal, weight: Weight(400), metadata: 0, cache_key_flags: CacheKeyFlags(0x0), metrics_opt: Some(CacheMetrics { font_size_bits: 1102315520, line_height_bits: 1107558400 }) })
span ("\n", Attrs { color_opt: None, family: SansSerif, stretch: Normal, style: Normal, weight: Weight(400), metadata: 0, cache_key_flags: CacheKeyFlags(0x0), metrics_opt: Some(CacheMetrics { font_size_bits: 1102315520, line_height_bits: 1107558400 }) })
span ("\n\n", Attrs { color_opt: None, family: SansSerif, stretch: Normal, style: Normal, weight: Weight(400), metadata: 0, cache_key_flags: CacheKeyFlags(0x0), metrics_opt: Some(CacheMetrics { font_size_bits: 1102315520, line_height_bits: 1107558400 }) })
span ("\n", Attrs { color_opt: None, family: SansSerif, stretch: Normal, style: Normal, weight: Weight(400), metadata: 0, cache_key_flags: CacheKeyFlags(0x0), metrics_opt: Some(CacheMetrics { font_size_bits: 1102315520, line_height_bits: 1107558400 }) })
span ("⟦image: banner.png⟧", Attrs { color_opt: Some(Color(4284900966)), family: SansSerif, stretch: Normal, style: Normal, weight: Weight(400), metadata: 0, cache_key_flags: CacheKeyFlags(0x0), metrics_opt: Some(CacheMetrics { font_size_bits: 1102315520, line_height_bits: 1107558400 }) })
span ("\n", Attrs { color_opt: None, family: SansSerif, stretch: Normal, style: Normal, weight: Weight(400), metadata: 0, cache_key_flags: CacheKeyFlags(0x0), metrics_opt: Some(CacheMetrics { font_size_bits: 1102315520, line_height_bits: 1107558400 }) })
span ("\n\n", Attrs { color_opt: None, family: SansSerif, stretch: Normal, style: Normal, weight: Weight(400), metadata: 0, cache_key_flags: CacheKeyFlags(0x0), metrics_opt: Some(CacheMetrics { font_size_bits: 1102315520, line_height_bits: 1107558400 }) })
span ("\n", Attrs { color_opt: None, family: SansSerif, stretch: Normal, style: Normal, weight: Weight(400), metadata: 0, cache_key_flags: CacheKeyFlags(0x0), metrics_opt: Some(CacheMetrics { font_size_bits: 1102315520, line_height_bits: 1107558400 }) })
span ("⟦image: an alt text that is longer than sixty characters so the labe…⟧", Attrs { color_opt: Some(Color(4284900966)), family: SansSerif, stretch: Normal, style: Normal, weight: Weight(400), metadata: 0, cache_key_flags: CacheKeyFlags(0x0), metrics_opt: Some(CacheMetrics { font_size_bits: 1102315520, line_height_bits: 1107558400 }) })
span ("\n", Attrs { color_opt: None, family: SansSerif, stretch: Normal, style: Normal, weight: Weight(400), metadata: 0, cache_key_flags: CacheKeyFlags(0x0), metrics_opt: Some(CacheMetrics { font_size_bits: 1102315520, line_height_bits: 1107558400 }) })
span ("\n\n", Attrs { color_opt: None, family: SansSerif, stretch: Normal, style: Normal, weight: Weight(400), metadata: 0, cache_key_flags: CacheKeyFlags(0x0), metrics_opt: Some(CacheMetrics { font_size_bits: 1102315520, line_height_bits: 1107558400 }) })
span ("The note.", Attrs { color_opt: None, family: SansSerif, stretch: Normal, style: Normal, weight: Weight(400), metadata: 0, cache_key_flags: CacheKeyFlags(0x0), metrics_opt: Some(CacheMetrics { font_size_bits: 1102315520, line_height_bits: 1107558400 }) })
span ("\n\n", Attrs { color_opt: None, family: SansSerif, stretch: Normal, style: Normal, weight: Weight(400), metadata: 0, cache_key_flags: CacheKeyFlags(0x0), metrics_opt: Some(CacheMetrics { font_size_bits: 1102315520, line_height_bits: 1107558400 }) })
media Table { rendered: "┌───┬───┐\n│ A │ B │\n├═══┼═══┤\n│ 1 │ 2 │\n│ 3 │ 4 │\n└───┴───┘\n", n_lines: 6, line_h_px: 28.050001, font_px: 19.125 }
media Math { latex: "a+b", display: false }
media Math { latex: "c+d", display: false }
media Math { latex: "E = mc^2", display: true }
media Math { latex: "\\int_0^1 x\\,dx", display: true }
media Figure { url: "figs/cached.png", alt: "cached figure" }
media Figure { url: "figs/pending.png", alt: "pending figure" }
source "x = 1  # cached fence\n"
source "y = 2  # uncached fence\n"
source "fn main() {}\n"
source "plain fence\n"
fence "julia" " y = 2  # uncached fence\n"
